[www.packdemusicas.com.br/sitedasmusicas.html]
[backblue.gif]
[fade.gif]
[index.html]
[www.packdemusicas.com.br/normalize.css]
[www.packdemusicas.com.br/reset.css]
[www.packdemusicas.com.br/sitedasmusicas.html]
[www.packdemusicas.com.br/Imagens/favicon.png]
[www.packdemusicas.com.br/normalize.css]
[www.packdemusicas.com.br/reset.css]
[www.packdemusicas.com.br/index.html]
[www.packdemusicas.com.br/principal.css]
[scripts.converteai.net/67ca577f-0d1b-4341-8e89-876ca224e474/players/654e6e7692601f0009b310f2/player.js]
[cdn.converteai.net/lib/js/smartplayer/v1/smartplayer.min.js]
[images.converteai.net/67ca577f-0d1b-4341-8e89-876ca224e474/players/654e6e7692601f0009b310f2/thumbnail.jpg]
[analytics.tiktok.com/i18n/pixel/events.js]
[connect.facebook.net/en_US/fbevents.js]
[packdemusicas.com/principal.css]
[www.packdemusicas.com.br/Imagens/mobile/btnwhatsapp.png]
[www.packdemusicas.com.br/Imagens/iconestitulo.png]
[www.packdemusicas.com.br/Imagens/notebook.png]
[www.packdemusicas.com.br/Imagens/iconestitulo02.png]
[www.packdemusicas.com.br/Imagens/gif.gif]
[www.packdemusicas.com.br/Audios/01.mp3]
[www.packdemusicas.com.br/Audios/02.mp3]
[www.packdemusicas.com.br/Audios/03.mp3]
[www.packdemusicas.com.br/Audios/04.mp3]
[www.packdemusicas.com.br/Audios/05.mp3]
[www.packdemusicas.com.br/Audios/06.mp3]
[www.packdemusicas.com.br/Audios/07.mp3]
[www.packdemusicas.com.br/Audios/08.mp3]
[www.packdemusicas.com.br/Imagens/imggaleria01.png]
[www.packdemusicas.com.br/Imagens/imggaleria02.png]
[www.packdemusicas.com.br/Imagens/imggaleria03.png]
[www.packdemusicas.com.br/Imagens/imggaleria04.png]
[www.packdemusicas.com.br/Imagens/djextended.png]
[www.packdemusicas.com.br/Imagens/gif2.gif]
[www.packdemusicas.com.br/Imagens/dispositivos.png]
[www.packdemusicas.com.br/Imagens/Poster01.png]
[www.packdemusicas.com.br/Imagens/Poster02.png]
[www.packdemusicas.com.br/Imagens/Poster03.png]
[www.packdemusicas.com.br/Imagens/Poster04.png]
[www.packdemusicas.com.br/Imagens/Poster05.png]
[www.packdemusicas.com.br/Imagens/Poster06.png]
[www.packdemusicas.com.br/Imagens/Poster07.png]
[www.packdemusicas.com.br/Imagens/Poster08.png]
[www.packdemusicas.com.br/Imagens/Poster10.png]
[www.packdemusicas.com.br/Imagens/selogarantia.png]
[www.packdemusicas.com.br/Imagens/comprasegura.png]
[www.packdemusicas.com.br/Imagens/bandeiras.png]
[www.packdemusicas.com.br/Imagens/discografias.png]
[www.packdemusicas.com.br/privacidade.html]
[www.packdemusicas.com.br/termosdeuso.html]
[www.packdemusicas.com.br/Imagens/Facebook.png]
[www.packdemusicas.com.br/Imagens/Instagram.png]
[www.packdemusicas.com.br/Imagens/Youtube.png]
[www.packdemusicas.com.br/Imagens/WhatsApp.png]
[packdemusicas.com/script.js]
[www.packdemusicas.com.br/index.html]
[www.packdemusicas.com.br/principal.html]
[www.packdemusicas.com.br/a]
[www.packdemusicas.com.br/POST]
[www.packdemusicas.com.br/b.resolvedLink]
[www.packdemusicas.com.br/signals/iwl.js]
[connect.facebook.net/en_US/fbevents.js]
[www.packdemusicas.com.br/schema.org/index.html]
[www.packdemusicas.com.br/Imagens/bgtopo01.png]
[www.packdemusicas.com.br/Imagens/bgondeouvir.png]
[www.packdemusicas.com.br/Imagens/logo02.png]
[www.packdemusicas.com.br/Imagens/mobile/bgtopo.png]
[packdemusicas.com/principal.css]
[www.packdemusicas.com.br/Imagens/logotipo.png]
[www.packdemusicas.com.br/privacidade.html]
[www.packdemusicas.com.br/index-2.html]
[www.packdemusicas.com.br/termosdeuso.html]
[packdemusicas.com/script.js]
[www.packdemusicas.com.br/a.html]
[www.packdemusicas.com.br/POST.html]
[www.packdemusicas.com.br/schema.org/index.html]
[www.packdemusicas.com.br/b.html]
[www.packdemusicas.com.br/signals/iwl.html]
[www.packdemusicas.com.br/index-2.html]
[www.packdemusicas.com.br/100milmusicas.html]
[www.w3schools.com/w3css/4/w3.css]
[packdemusicas.com/pages.css]
[www.packdemusicas.com.br/Imagens/bgbranco.png]
[www.packdemusicas.com.br/Imagens/Logotipo03.png]
[www.packdemusicas.com.br/Imagens/Thumbnail01.png]
[www.packdemusicas.com.br/Imagens/Thumbnail02.png]
[www.packdemusicas.com.br/Imagens/Thumbnail03.png]
[www.packdemusicas.com.br/Imagens/Thumbnail04.png]
[www.packdemusicas.com.br/Imagens/Thumbnail05.png]
[www.packdemusicas.com.br/Imagens/Thumbnail06.png]
[packdemusicas.com/java.js]
[www.packdemusicas.com.br/100milmusicas.html]
[www.w3schools.com/w3css/4/w3.css]
[packdemusicas.com.br/Imagens/logoff.png]
[packdemusicas.com.br/Imagens/logoff02.png]
[packdemusicas.com.br/Imagens/fundotopo.png]
[packdemusicas.com.br/Imagens/gif01.gif]
[packdemusicas.com.br/Imagens/gif02.gif]
[packdemusicas.com.br/Imagens/gif03.gif]
[packdemusicas.com.br/Imagens/Bannerextended.png]
[packdemusicas.com.br/Imagens/bgbonus.png]
[packdemusicas.com.br/Imagens/astronauta.png]
[packdemusicas.com.br/Imagens/fundotopo_-mobile.png]
[packdemusicas.com.br/Imagens/bgtitulo.png]
[packdemusicas.com.br/Imagens/Bannerextended_mobile.png]
[packdemusicas.com.br/Imagens/Poster01_mobile.png]
[packdemusicas.com.br/Imagens/Poster02_mobile.png]
[packdemusicas.com.br/Imagens/Poster03_mobile.png]
[packdemusicas.com.br/Imagens/Poster04_mobile.png]
[packdemusicas.com.br/Imagens/Poster05_mobile.png]
[packdemusicas.com.br/Imagens/Poster06_mobile.png]
[packdemusicas.com.br/Imagens/Poster07_mobile.png]
[packdemusicas.com.br/Imagens/Poster08_mobile.png]
[packdemusicas.com.br/Imagens/Poster10_mobile.png]
[packdemusicas.com/pages.css]
[packdemusicas.com/java.js]
